// Jest Snapshot v1, https://goo.gl/fbAQLP

exports[`<MissionDetails /> should render without video link 1`] = `
.c0 {
  border: 2px solid #c2d0d8;
  display: -webkit-box;
  display: -webkit-flex;
  display: -ms-flexbox;
  display: flex;
  -webkit-align-items: center;
  -webkit-box-align: center;
  -ms-flex-align: center;
  align-items: center;
  background-color: #ffff;
  -webkit-flex-direction: column;
  -ms-flex-direction: column;
  flex-direction: column;
}

.c3 {
  width: 100%;
}

.c5 {
  font-size: 2.4rem;
  color: #273944;
  margin-bottom: 1.2rem;
  text-align: center;
}

.c1 {
  position: relative;
  display: block;
  width: 100%;
}

.c1 svg {
  position: absolute;
  left: 10px;
  top: 10px;
  max-width: 30px;
  color: white;
}

.c6 {
  font-size: 1.4rem;
  color: #273944;
  margin-bottom: 1.2rem;
  text-align: center;
  margin-bottom: 0px;
}

.c8 {
  -webkit-align-self: flex-start;
  -ms-flex-item-align: start;
  align-self: flex-start;
}

.c4 {
  padding: 12px 14px;
  display: -webkit-box;
  display: -webkit-flex;
  display: -ms-flexbox;
  display: flex;
  -webkit-flex-direction: column;
  -ms-flex-direction: column;
  flex-direction: column;
  width: 100%;
}

.c9 {
  list-style: none;
  display: -webkit-box;
  display: -webkit-flex;
  display: -ms-flexbox;
  display: flex;
  -webkit-align-items: center;
  -webkit-box-align: center;
  -ms-flex-align: center;
  align-items: center;
  margin-top: 1.2rem;
}

.c9 span {
  font-size: 1.4rem;
  color: #273944;
  margin-left: 1.2rem;
}

.c7 {
  color: #273944;
  margin-bottom: 1.2rem;
  text-align: center;
  text-align: start;
  font-size: 1.8rem;
  margin-bottom: 0px;
  margin-top: 1.2rem;
}

.c10 {
  width: 100px;
  border-radius: 6px;
  height: 73px;
  object-fit: cover;
}

.c11 {
  -webkit-align-self: center;
  -ms-flex-item-align: center;
  align-self: center;
  padding-top: 1.6rem;
  padding-bottom: 1.6rem;
  margin-top: 1.2rem;
}

.c12 {
  -webkit-text-decoration: none;
  text-decoration: none;
  background-color: #c2d0d8;
  color: #273944;
  font-size: 1.4rem;
  border-radius: 6px;
  padding: 1.6rem;
}

.c12:first-child {
  margin-right: 1.2rem;
}

.c2 {
  display: inline-block;
  vertical-align: middle;
  overflow: hidden;
}

<main
  class="c0"
>
  <a
    class="c1"
    href="/"
  >
    <svg
      aria-hidden="true"
      aria-label="Back icon"
      class="c2"
      fill="currentColor"
      focusable="false"
      viewBox="0 0 24 24"
      xmlns="http://www.w3.org/2000/svg"
    >
      <path
        d="M21 11H6.414l5.293-5.293-1.414-1.414L2.586 12l7.707 7.707 1.414-1.414L6.414 13H21z"
      />
    </svg>
  </a>
  <img
    alt="Rocket image"
    class="c3"
    src="http://localhost:3000/img/rocket.jpg"
  />
  <div
    class="c4"
  >
    <h1
      class="c5"
    >
      Starlink-15
    </h1>
    <p
      class="c6"
    >
      SpaceX will launch Sentinel-6 Michael Freilich into low Earth orbit for NASA, NOAA, ESA, and the European Organization for the Exploitation of Meteorological Satellites aboard a Falcon 9 from SLC-4E, Vandenberg Air Force Station. Sentinel-6(A) is an ocean observation satellite providing radar ocean surface altimetry data and also atmospheric temperature profiles as a secondary mission. The booster for this mission is will land at LZ-4.
    </p>
    <h2
      class="c7"
    >
      Ships:
    </h2>
    <ul
      aria-label="ships"
      class="c8"
    >
      <li
        class="c9"
      >
        <img
          alt="Thumb image"
          class="c10"
          src="https://i.imgur.com/MtEgYbY.jpg"
        />
        <span>
          GO Ms Tree
          <br />
          Home port: 
          Port Canaveral
        </span>
      </li>
      <li
        class="c9"
      >
        <img
          alt="Thumb image"
          class="c10"
          src="https://imgur.com/NHsx95l.jpg"
        />
        <span>
          GO Ms Chief
          <br />
          Home port: 
          Port Canaveral
        </span>
      </li>
      <li
        class="c9"
      >
        <img
          alt="Thumb image"
          class="c10"
          src="https://i.imgur.com/7VMC0Gn.jpg"
        />
        <span>
          Just Read The Instructions 2
          <br />
          Home port: 
          Port of Los Angeles
        </span>
      </li>
      <li
        class="c9"
      >
        <img
          alt="Thumb image"
          class="c10"
          src="https://i.imgur.com/ABXtHKa.jpg"
        />
        <span>
          GO Quest
          <br />
          Home port: 
          Port Canaveral
        </span>
      </li>
    </ul>
    <div
      class="c11"
    >
      <a
        class="c12"
        href="https://youtu.be/J442-ti-Dhg"
        target="_blank"
        title="Article Link"
      >
        Article Link
      </a>
    </div>
  </div>
</main>
`
